== apollo_L38
== apollo_L57
== dyl_L44
# M6 — geometry of organism lie directions (shrinkage diff-of-means, D16); label set judge_plus

## apollo pooling `mean`, layer 38

Cosine between organism directions (upper) / transfer AUROC i→j (row = trained on i):

| | GS-F | GS-M | SB | AW | CO | HC | SP |
|---|---|---|---|---|---|---|---|
| **GS-F** | 1 / 1.00 | +0.12 / 0.96 | +0.07 / 0.69 | +0.02 / 0.83 | +0.05 / 0.77 | +0.01 / 0.75 | +0.08 / 0.86 |
| **GS-M** | +0.12 / 1.00 | 1 / 1.00 | +0.04 / 0.65 | +0.02 / 0.81 | +0.03 / 0.81 | +0.04 / 0.79 | +0.03 / 0.81 |
| **SB** | +0.07 / 0.98 | +0.04 / 0.90 | 1 / 1.00 | +0.01 / 0.73 | +0.05 / 0.81 | -0.01 / 0.73 | +0.02 / 0.62 |
| **AW** | +0.02 / 0.97 | +0.02 / 0.87 | +0.01 / 0.80 | 1 / 1.00 | +0.04 / 0.82 | +0.03 / 0.69 | +0.02 / 0.70 |
| **CO** | +0.05 / 0.76 | +0.03 / 0.71 | +0.05 / 0.87 | +0.04 / 0.86 | 1 / 1.00 | +0.04 / 0.64 | +0.06 / 0.77 |
| **HC** | +0.01 / 0.86 | +0.04 / 0.73 | -0.01 / 0.56 | +0.03 / 0.81 | +0.04 / 0.74 | 1 / 1.00 | +0.01 / 0.71 |
| **SP** | +0.08 / 0.97 | +0.03 / 0.85 | +0.02 / 0.60 | +0.02 / 0.81 | +0.06 / 0.87 | +0.01 / 0.76 | 1 / 1.00 |

Raw diff-of-means cosines (upper) / common-whitened cosines (lower):

| | GS-F | GS-M | SB | AW | CO | HC | SP |
|---|---|---|---|---|---|---|---|
| **GS-F** | 1 | +0.83 | -0.09 | +0.07 | +0.19 | +0.10 | +0.20 |
| **GS-M** | +0.28 | 1 | -0.17 | -0.05 | +0.15 | +0.04 | +0.24 |
| **SB** | +0.05 | +0.06 | 1 | +0.60 | +0.31 | +0.05 | -0.59 |
| **AW** | +0.04 | +0.02 | +0.01 | 1 | +0.37 | -0.04 | -0.52 |
| **CO** | +0.05 | +0.03 | +0.06 | +0.04 | 1 | -0.02 | +0.03 |
| **HC** | +0.04 | +0.04 | +0.01 | +0.01 | +0.04 | 1 | +0.03 |
| **SP** | -0.01 | -0.00 | +0.02 | +0.00 | +0.08 | +0.04 | 1 |

Spearman(transfer AUROC, similarity) over 42 ordered pairs, 10 000 joint permutations: shrinkage-direction cosine ρ = 0.430 (p = 0.0160); raw diff-of-means cosine ρ = 0.415 (p = 0.0131); common-whitened cosine ρ = 0.191 (p = 0.3353).
SVD of the 7 unit directions: singular values [1.1200000047683716, 1.0199999809265137, 1.0, 0.9900000095367432, 0.9800000190734863, 0.9599999785423279, 0.9300000071525574]; explained fractions [0.17800000309944153, 0.14800000190734863, 0.14300000667572021, 0.13899999856948853, 0.13699999451637268, 0.13099999725818634, 0.12300000339746475] (first component 0.18; isotropic would be 0.14 each).

| organism | RAW ∠ prompted-lie | RAW ∠ released org dim | RAW ∠ own fingerprint | shrink ∠ prompted | shrink ∠ released org dim | shrink ∠ released base dim | shrink ∠ own fingerprint | ‖fingerprint‖ | LW shrinkage |
|---|---|---|---|---|---|---|---|---|---|
| GS-F | 80.0° | 88.7° | 91.1° | 90.5° | 88.1° | 87.5° | 90.5° | 6.9 | 0.046 |
| GS-M | 85.4° | 86.6° | 90.4° | 88.7° | 88.2° | 88.5° | 90.1° | 6.9 | 0.046 |
| SB | 79.3° | 85.6° | 80.7° | 88.8° | 87.9° | 87.9° | 90.3° | 6.8 | 0.008 |
| AW | 75.7° | 85.3° | 82.4° | 88.7° | 88.9° | 88.4° | 90.2° | 8.0 | 0.002 |
| CO | 73.1° | 91.8° | 76.9° | 90.3° | 90.6° | 89.9° | 89.3° | 7.7 | 0.005 |
| HC | 76.7° | 86.1° | 98.2° | 88.5° | 88.2° | 88.2° | 90.8° | 6.0 | 0.004 |
| SP | 93.2° | 87.8° | 106.6° | 87.7° | 89.3° | 89.9° | 90.2° | 8.4 | 0.001 |

Fingerprint cosines (organism − base Alpaca mean), upper triangle: GS-F·GS-M +0.94, GS-F·SB +0.86, GS-F·AW +0.91, GS-F·CO +0.91, GS-F·HC +0.90, GS-F·SP +0.83, GS-M·SB +0.87, GS-M·AW +0.91, GS-M·CO +0.90, GS-M·HC +0.91, GS-M·SP +0.81, SB·AW +0.83, SB·CO +0.88, SB·HC +0.88, SB·SP +0.82, AW·CO +0.90, AW·HC +0.90, AW·SP +0.76, CO·HC +0.92, CO·SP +0.83, HC·SP +0.81

(prompted-lie vs released base dim: 88.4°)

## apollo pooling `mean`, layer 57

Cosine between organism directions (upper) / transfer AUROC i→j (row = trained on i):

| | GS-F | GS-M | SB | AW | CO | HC | SP |
|---|---|---|---|---|---|---|---|
| **GS-F** | 1 / 1.00 | +0.14 / 0.94 | +0.04 / 0.54 | +0.04 / 0.64 | +0.05 / 0.74 | +0.00 / 0.61 | +0.03 / 0.77 |
| **GS-M** | +0.14 / 1.00 | 1 / 1.00 | +0.02 / 0.77 | +0.04 / 0.62 | +0.02 / 0.77 | +0.04 / 0.81 | +0.01 / 0.63 |
| **SB** | +0.04 / 0.93 | +0.02 / 0.72 | 1 / 1.00 | +0.03 / 0.47 | +0.04 / 0.69 | -0.01 / 0.80 | +0.01 / 0.58 |
| **AW** | +0.04 / 0.76 | +0.04 / 0.63 | +0.03 / 0.82 | 1 / 1.00 | +0.05 / 0.72 | +0.04 / 0.68 | +0.03 / 0.73 |
| **CO** | +0.05 / 0.67 | +0.02 / 0.63 | +0.04 / 0.50 | +0.05 / 0.73 | 1 / 1.00 | -0.01 / 0.43 | +0.06 / 0.79 |
| **HC** | +0.00 / 0.67 | +0.04 / 0.65 | -0.01 / 0.47 | +0.04 / 0.60 | -0.01 / 0.63 | 1 / 1.00 | +0.01 / 0.59 |
| **SP** | +0.03 / 0.78 | +0.01 / 0.68 | +0.01 / 0.54 | +0.03 / 0.66 | +0.06 / 0.71 | +0.01 / 0.53 | 1 / 1.00 |

Raw diff-of-means cosines (upper) / common-whitened cosines (lower):

| | GS-F | GS-M | SB | AW | CO | HC | SP |
|---|---|---|---|---|---|---|---|
| **GS-F** | 1 | +0.82 | +0.04 | +0.06 | +0.13 | +0.12 | +0.16 |
| **GS-M** | +0.30 | 1 | -0.13 | -0.08 | +0.05 | +0.07 | +0.21 |
| **SB** | +0.03 | +0.02 | 1 | +0.42 | +0.25 | -0.00 | -0.40 |
| **AW** | -0.00 | +0.01 | +0.00 | 1 | +0.21 | -0.31 | -0.49 |
| **CO** | +0.02 | +0.03 | +0.05 | +0.11 | 1 | -0.08 | +0.09 |
| **HC** | +0.01 | +0.04 | +0.01 | +0.06 | -0.01 | 1 | -0.01 |
| **SP** | +0.03 | -0.01 | -0.01 | +0.05 | +0.07 | -0.00 | 1 |

Spearman(transfer AUROC, similarity) over 42 ordered pairs, 10 000 joint permutations: shrinkage-direction cosine ρ = 0.438 (p = 0.0072); raw diff-of-means cosine ρ = 0.327 (p = 0.0449); common-whitened cosine ρ = 0.476 (p = 0.0014).
SVD of the 7 unit directions: singular values [1.100000023841858, 1.0299999713897705, 1.0099999904632568, 0.9900000095367432, 0.9700000286102295, 0.9599999785423279, 0.9200000166893005]; explained fractions [0.17399999499320984, 0.15000000596046448, 0.1459999978542328, 0.14000000059604645, 0.13500000536441803, 0.13199999928474426, 0.12200000137090683] (first component 0.17; isotropic would be 0.14 each).

| organism | RAW ∠ prompted-lie | RAW ∠ released org dim | RAW ∠ own fingerprint | shrink ∠ prompted | shrink ∠ released org dim | shrink ∠ released base dim | shrink ∠ own fingerprint | ‖fingerprint‖ | LW shrinkage |
|---|---|---|---|---|---|---|---|---|---|
| GS-F | 74.9° | 93.8° | 100.2° | 89.2° | 88.9° | 88.1° | 90.3° | 20.9 | 0.039 |
| GS-M | 88.1° | 92.2° | 96.8° | 87.5° | 89.6° | 89.2° | 89.0° | 21.2 | 0.037 |
| SB | 77.7° | 87.2° | 84.9° | 89.7° | 88.0° | 88.1° | 90.2° | 20.5 | 0.008 |
| AW | 82.4° | 89.9° | 76.4° | 90.5° | 88.1° | 88.6° | 89.6° | 26.1 | 0.002 |
| CO | 80.2° | 91.1° | 82.1° | 89.3° | 89.9° | 89.7° | 90.6° | 25.6 | 0.007 |
| HC | 79.0° | 89.8° | 102.7° | 91.3° | 90.5° | 90.3° | 90.6° | 18.6 | 0.004 |
| SP | 91.2° | 85.5° | 109.1° | 89.3° | 89.4° | 90.0° | 90.4° | 25.9 | 0.001 |

Fingerprint cosines (organism − base Alpaca mean), upper triangle: GS-F·GS-M +0.93, GS-F·SB +0.83, GS-F·AW +0.91, GS-F·CO +0.91, GS-F·HC +0.89, GS-F·SP +0.82, GS-M·SB +0.84, GS-M·AW +0.91, GS-M·CO +0.91, GS-M·HC +0.91, GS-M·SP +0.79, SB·AW +0.80, SB·CO +0.84, SB·HC +0.86, SB·SP +0.78, AW·CO +0.93, AW·HC +0.91, AW·SP +0.76, CO·HC +0.93, CO·SP +0.80, HC·SP +0.80

(prompted-lie vs released base dim: 88.6°)

## dyl pooling `pred`, layer 44

Cosine between organism directions (upper) / transfer AUROC i→j (row = trained on i):

| | GS-F | GS-M | SB | AW | CO | HC | SP |
|---|---|---|---|---|---|---|---|
| **GS-F** | 1 / 1.00 | +0.06 / 0.88 | -0.01 / 0.63 | +0.06 / 0.59 | +0.00 / 0.57 | +0.00 / 0.54 | +0.03 / 0.67 |
| **GS-M** | +0.06 / 0.97 | 1 / 1.00 | -0.00 / 0.58 | -0.03 / 0.58 | +0.01 / 0.64 | +0.02 / 0.63 | -0.00 / 0.54 |
| **SB** | -0.01 / 0.26 | -0.00 / 0.23 | 1 / 1.00 | -0.00 / 0.67 | +0.05 / 0.63 | +0.01 / 0.44 | +0.03 / 0.48 |
| **AW** | +0.06 / 0.92 | -0.03 / 0.76 | -0.00 / 0.68 | 1 / 1.00 | -0.00 / 0.57 | -0.01 / 0.63 | +0.00 / 0.74 |
| **CO** | +0.00 / 0.92 | +0.01 / 0.72 | +0.05 / 0.60 | -0.00 / 0.63 | 1 / 1.00 | +0.05 / 0.70 | +0.02 / 0.75 |
| **HC** | +0.00 / 0.92 | +0.02 / 0.78 | +0.01 / 0.73 | -0.01 / 0.59 | +0.05 / 0.62 | 1 / 1.00 | +0.03 / 0.65 |
| **SP** | +0.03 / 0.95 | -0.00 / 0.81 | +0.03 / 0.55 | +0.00 / 0.59 | +0.02 / 0.61 | +0.03 / 0.63 | 1 / 1.00 |

Raw diff-of-means cosines (upper) / common-whitened cosines (lower):

| | GS-F | GS-M | SB | AW | CO | HC | SP |
|---|---|---|---|---|---|---|---|
| **GS-F** | 1 | +0.80 | -0.06 | -0.09 | +0.47 | +0.50 | +0.45 |
| **GS-M** | +0.12 | 1 | -0.23 | -0.18 | +0.59 | +0.68 | +0.51 |
| **SB** | -0.03 | -0.01 | 1 | +0.13 | -0.22 | -0.51 | -0.50 |
| **AW** | +0.02 | -0.03 | -0.01 | 1 | +0.17 | +0.07 | +0.07 |
| **CO** | +0.01 | -0.00 | +0.05 | +0.05 | 1 | +0.75 | +0.55 |
| **HC** | -0.01 | -0.01 | +0.00 | +0.01 | +0.04 | 1 | +0.79 |
| **SP** | -0.02 | +0.00 | -0.00 | +0.03 | +0.03 | +0.03 | 1 |

Spearman(transfer AUROC, similarity) over 42 ordered pairs, 10 000 joint permutations: shrinkage-direction cosine ρ = 0.320 (p = 0.0282); raw diff-of-means cosine ρ = 0.424 (p = 0.0154); common-whitened cosine ρ = 0.142 (p = 0.3437).
SVD of the 7 unit directions: singular values [1.0499999523162842, 1.0299999713897705, 1.0199999809265137, 0.9900000095367432, 0.9900000095367432, 0.9700000286102295, 0.949999988079071]; explained fractions [0.15800000727176666, 0.15199999511241913, 0.14800000190734863, 0.14100000262260437, 0.14000000059604645, 0.13300000131130219, 0.12800000607967377] (first component 0.16; isotropic would be 0.14 each).

| organism | RAW ∠ prompted-lie | RAW ∠ released org dim | RAW ∠ own fingerprint | shrink ∠ prompted | shrink ∠ released org dim | shrink ∠ released base dim | shrink ∠ own fingerprint | ‖fingerprint‖ | LW shrinkage |
|---|---|---|---|---|---|---|---|---|---|
| GS-F | 66.7° | 75.7° | 95.1° | 90.7° | 88.7° | 88.9° | 89.4° | 35.6 | 0.016 |
| GS-M | 74.4° | 90.0° | 97.3° | 89.4° | 87.7° | 89.1° | 90.3° | 34.7 | 0.009 |
| SB | 91.5° | 112.6° | 105.1° | 89.1° | 89.3° | 90.6° | 89.9° | 51.4 | 0.024 |
| AW | 87.6° | 94.1° | 86.7° | 90.5° | 89.7° | 89.9° | 89.5° | 43.9 | 0.002 |
| CO | 79.0° | 29.9° | 67.3° | 89.3° | 89.6° | 89.3° | 90.3° | 47.1 | 0.004 |
| HC | 77.9° | 95.5° | 95.1° | 89.3° | 88.7° | 88.2° | 87.5° | 36.3 | 0.003 |
| SP | 76.3° | 64.4° | 97.9° | 90.4° | 88.9° | 90.2° | 90.0° | 40.6 | 0.013 |

Fingerprint cosines (organism − base Alpaca mean), upper triangle: GS-F·GS-M +0.91, GS-F·SB +0.46, GS-F·AW +0.88, GS-F·CO +0.69, GS-F·HC +0.87, GS-F·SP +0.89, GS-M·SB +0.52, GS-M·AW +0.89, GS-M·CO +0.73, GS-M·HC +0.88, GS-M·SP +0.89, SB·AW +0.61, SB·CO +0.88, SB·HC +0.60, SB·SP +0.58, AW·CO +0.81, AW·HC +0.92, AW·SP +0.92, CO·HC +0.80, CO·SP +0.79, HC·SP +0.91

(prompted-lie vs released base dim: 88.9°)

